------------------------------------------------------------
TimeQuest Timing Analyzer Summary
------------------------------------------------------------

Type  : Slow 1200mV 85C Model Setup 'clk'
Slack : -15.702
TNS   : -1106.126

Type  : Slow 1200mV 85C Model Setup 'reset'
Slack : -0.870
TNS   : -2.564

Type  : Slow 1200mV 85C Model Hold 'clk'
Slack : 0.356
TNS   : 0.000

Type  : Slow 1200mV 85C Model Hold 'reset'
Slack : 0.678
TNS   : 0.000

Type  : Slow 1200mV 85C Model Recovery 'clk'
Slack : 0.069
TNS   : 0.000

Type  : Slow 1200mV 85C Model Removal 'clk'
Slack : -0.118
TNS   : -23.391

Type  : Slow 1200mV 85C Model Minimum Pulse Width 'clk'
Slack : -3.000
TNS   : -210.000

Type  : Slow 1200mV 85C Model Minimum Pulse Width 'reset'
Slack : -3.000
TNS   : -3.000

Type  : Slow 1200mV 0C Model Setup 'clk'
Slack : -14.080
TNS   : -979.946

Type  : Slow 1200mV 0C Model Setup 'reset'
Slack : -0.725
TNS   : -2.127

Type  : Slow 1200mV 0C Model Hold 'clk'
Slack : 0.310
TNS   : 0.000

Type  : Slow 1200mV 0C Model Hold 'reset'
Slack : 0.652
TNS   : 0.000

Type  : Slow 1200mV 0C Model Recovery 'clk'
Slack : 0.100
TNS   : 0.000

Type  : Slow 1200mV 0C Model Removal 'clk'
Slack : -0.120
TNS   : -23.782

Type  : Slow 1200mV 0C Model Minimum Pulse Width 'clk'
Slack : -3.000
TNS   : -210.000

Type  : Slow 1200mV 0C Model Minimum Pulse Width 'reset'
Slack : -3.000
TNS   : -3.000

Type  : Fast 1200mV 0C Model Setup 'clk'
Slack : -8.868
TNS   : -571.832

Type  : Fast 1200mV 0C Model Setup 'reset'
Slack : 0.019
TNS   : 0.000

Type  : Fast 1200mV 0C Model Hold 'clk'
Slack : 0.186
TNS   : 0.000

Type  : Fast 1200mV 0C Model Hold 'reset'
Slack : 0.276
TNS   : 0.000

Type  : Fast 1200mV 0C Model Recovery 'clk'
Slack : -0.054
TNS   : -10.609

Type  : Fast 1200mV 0C Model Removal 'clk'
Slack : -0.078
TNS   : -15.422

Type  : Fast 1200mV 0C Model Minimum Pulse Width 'clk'
Slack : -3.000
TNS   : -222.778

Type  : Fast 1200mV 0C Model Minimum Pulse Width 'reset'
Slack : -3.000
TNS   : -3.000

------------------------------------------------------------
